Archive member included to satisfy reference by file (symbol)

/Users/mengbowen/Documents/gcc-arm-none-eabi-10.3-2021.10/bin/../lib/gcc/arm-none-eabi/10.3.1/thumb/v7e-m/nofp/libgcc.a(_aeabi_uldivmod.o)
                              CMakeFiles/Blink.elf.dir/Drivers/STM32F4xx_HAL_Driver/Src/stm32f4xx_hal_rcc.c.obj (__aeabi_uldivmod)
/Users/mengbowen/Documents/gcc-arm-none-eabi-10.3-2021.10/bin/../lib/gcc/arm-none-eabi/10.3.1/thumb/v7e-m/nofp/libgcc.a(_udivmoddi4.o)
                              /Users/mengbowen/Documents/gcc-arm-none-eabi-10.3-2021.10/bin/../lib/gcc/arm-none-eabi/10.3.1/thumb/v7e-m/nofp/libgcc.a(_aeabi_uldivmod.o) (__udivmoddi4)
/Users/mengbowen/Documents/gcc-arm-none-eabi-10.3-2021.10/bin/../lib/gcc/arm-none-eabi/10.3.1/thumb/v7e-m/nofp/libgcc.a(_dvmd_tls.o)
                              /Users/mengbowen/Documents/gcc-arm-none-eabi-10.3-2021.10/bin/../lib/gcc/arm-none-eabi/10.3.1/thumb/v7e-m/nofp/libgcc.a(_aeabi_uldivmod.o) (__aeabi_ldiv0)
/Users/mengbowen/Documents/gcc-arm-none-eabi-10.3-2021.10/bin/../lib/gcc/arm-none-eabi/10.3.1/../../../../arm-none-eabi/lib/thumb/v7e-m/nofp/libg.a(lib_a-errno.o)
                              CMakeFiles/Blink.elf.dir/Core/Src/syscalls.c.obj (__errno)
/Users/mengbowen/Documents/gcc-arm-none-eabi-10.3-2021.10/bin/../lib/gcc/arm-none-eabi/10.3.1/../../../../arm-none-eabi/lib/thumb/v7e-m/nofp/libg.a(lib_a-exit.o)
                              /Users/mengbowen/Documents/gcc-arm-none-eabi-10.3-2021.10/bin/../lib/gcc/arm-none-eabi/10.3.1/../../../../arm-none-eabi/lib/thumb/v7e-m/nofp/crt0.o (exit)
/Users/mengbowen/Documents/gcc-arm-none-eabi-10.3-2021.10/bin/../lib/gcc/arm-none-eabi/10.3.1/../../../../arm-none-eabi/lib/thumb/v7e-m/nofp/libg.a(lib_a-impure.o)
                              /Users/mengbowen/Documents/gcc-arm-none-eabi-10.3-2021.10/bin/../lib/gcc/arm-none-eabi/10.3.1/../../../../arm-none-eabi/lib/thumb/v7e-m/nofp/libg.a(lib_a-exit.o) (_global_impure_ptr)
/Users/mengbowen/Documents/gcc-arm-none-eabi-10.3-2021.10/bin/../lib/gcc/arm-none-eabi/10.3.1/../../../../arm-none-eabi/lib/thumb/v7e-m/nofp/libg.a(lib_a-init.o)
                              /Users/mengbowen/Documents/gcc-arm-none-eabi-10.3-2021.10/bin/../lib/gcc/arm-none-eabi/10.3.1/../../../../arm-none-eabi/lib/thumb/v7e-m/nofp/crt0.o (__libc_init_array)
/Users/mengbowen/Documents/gcc-arm-none-eabi-10.3-2021.10/bin/../lib/gcc/arm-none-eabi/10.3.1/../../../../arm-none-eabi/lib/thumb/v7e-m/nofp/libg.a(lib_a-memset.o)
                              /Users/mengbowen/Documents/gcc-arm-none-eabi-10.3-2021.10/bin/../lib/gcc/arm-none-eabi/10.3.1/../../../../arm-none-eabi/lib/thumb/v7e-m/nofp/crt0.o (memset)
/Users/mengbowen/Documents/gcc-arm-none-eabi-10.3-2021.10/bin/../lib/gcc/arm-none-eabi/10.3.1/../../../../arm-none-eabi/lib/thumb/v7e-m/nofp/libg.a(lib_a-__call_atexit.o)
                              /Users/mengbowen/Documents/gcc-arm-none-eabi-10.3-2021.10/bin/../lib/gcc/arm-none-eabi/10.3.1/../../../../arm-none-eabi/lib/thumb/v7e-m/nofp/libg.a(lib_a-exit.o) (__call_exitprocs)
/Users/mengbowen/Documents/gcc-arm-none-eabi-10.3-2021.10/bin/../lib/gcc/arm-none-eabi/10.3.1/../../../../arm-none-eabi/lib/thumb/v7e-m/nofp/libg.a(lib_a-atexit.o)
                              /Users/mengbowen/Documents/gcc-arm-none-eabi-10.3-2021.10/bin/../lib/gcc/arm-none-eabi/10.3.1/../../../../arm-none-eabi/lib/thumb/v7e-m/nofp/libg.a(lib_a-__call_atexit.o) (atexit)
/Users/mengbowen/Documents/gcc-arm-none-eabi-10.3-2021.10/bin/../lib/gcc/arm-none-eabi/10.3.1/../../../../arm-none-eabi/lib/thumb/v7e-m/nofp/libg.a(lib_a-fini.o)
                              /Users/mengbowen/Documents/gcc-arm-none-eabi-10.3-2021.10/bin/../lib/gcc/arm-none-eabi/10.3.1/../../../../arm-none-eabi/lib/thumb/v7e-m/nofp/libg.a(lib_a-__call_atexit.o) (__libc_fini_array)
/Users/mengbowen/Documents/gcc-arm-none-eabi-10.3-2021.10/bin/../lib/gcc/arm-none-eabi/10.3.1/../../../../arm-none-eabi/lib/thumb/v7e-m/nofp/libg.a(lib_a-lock.o)
                              /Users/mengbowen/Documents/gcc-arm-none-eabi-10.3-2021.10/bin/../lib/gcc/arm-none-eabi/10.3.1/../../../../arm-none-eabi/lib/thumb/v7e-m/nofp/libg.a(lib_a-__call_atexit.o) (__retarget_lock_acquire_recursive)
/Users/mengbowen/Documents/gcc-arm-none-eabi-10.3-2021.10/bin/../lib/gcc/arm-none-eabi/10.3.1/../../../../arm-none-eabi/lib/thumb/v7e-m/nofp/libg.a(lib_a-__atexit.o)
                              /Users/mengbowen/Documents/gcc-arm-none-eabi-10.3-2021.10/bin/../lib/gcc/arm-none-eabi/10.3.1/../../../../arm-none-eabi/lib/thumb/v7e-m/nofp/libg.a(lib_a-atexit.o) (__register_exitproc)

Discarded input sections

 .text          0x0000000000000000        0x0 /Users/mengbowen/Documents/gcc-arm-none-eabi-10.3-2021.10/bin/../lib/gcc/arm-none-eabi/10.3.1/thumb/v7e-m/nofp/crti.o
 .data          0x0000000000000000        0x0 /Users/mengbowen/Documents/gcc-arm-none-eabi-10.3-2021.10/bin/../lib/gcc/arm-none-eabi/10.3.1/thumb/v7e-m/nofp/crti.o
[...]
Memory Configuration

Name             Origin             Length             Attributes
RAM              0x0000000020000000 0x0000000000020000 xrw
CCMRAM           0x0000000010000000 0x0000000000010000 xrw
FLASH            0x0000000008000000 0x0000000000080000 xr
*default*        0x0000000000000000 0xffffffffffffffff

Linker script and memory map

LOAD /Users/mengbowen/Documents/gcc-arm-none-eabi-10.3-2021.10/bin/../lib/gcc/arm-none-eabi/10.3.1/thumb/v7e-m/nofp/crti.o
LOAD /Users/mengbowen/Documents/gcc-arm-none-eabi-10.3-2021.10/bin/../lib/gcc/arm-none-eabi/10.3.1/thumb/v7e-m/nofp/crtbegin.o
LOAD /Users/mengbowen/Documents/gcc-arm-none-eabi-10.3-2021.10/bin/../lib/gcc/arm-none-eabi/10.3.1/../../../../arm-none-eabi/lib/thumb/v7e-m/nofp/crt0.o
LOAD CMakeFiles/Blink.elf.dir/Core/Src/gpio.c.obj
LOAD CMakeFiles/Blink.elf.dir/Core/Src/main.c.obj
LOAD CMakeFiles/Blink.elf.dir/Core/Src/stm32f4xx_hal_msp.c.obj
LOAD CMakeFiles/Blink.elf.dir/Core/Src/stm32f4xx_it.c.obj
LOAD CMakeFiles/Blink.elf.dir/Core/Src/syscalls.c.obj
LOAD CMakeFiles/Blink.elf.dir/Core/Src/system_stm32f4xx.c.obj
LOAD CMakeFiles/Blink.elf.dir/Drivers/STM32F4xx_HAL_Driver/Src/stm32f4xx_hal.c.obj
LOAD CMakeFiles/Blink.elf.dir/Drivers/STM32F4xx_HAL_Driver/Src/stm32f4xx_hal_cortex.c.obj
LOAD CMakeFiles/Blink.elf.dir/Drivers/STM32F4xx_HAL_Driver/Src/stm32f4xx_hal_dma.c.obj
LOAD CMakeFiles/Blink.elf.dir/Drivers/STM32F4xx_HAL_Driver/Src/stm32f4xx_hal_dma_ex.c.obj
LOAD CMakeFiles/Blink.elf.dir/Drivers/STM32F4xx_HAL_Driver/Src/stm32f4xx_hal_exti.c.obj
LOAD CMakeFiles/Blink.elf.dir/Drivers/STM32F4xx_HAL_Driver/Src/stm32f4xx_hal_flash.c.obj
LOAD CMakeFiles/Blink.elf.dir/Drivers/STM32F4xx_HAL_Driver/Src/stm32f4xx_hal_flash_ex.c.obj
LOAD CMakeFiles/Blink.elf.dir/Drivers/STM32F4xx_HAL_Driver/Src/stm32f4xx_hal_flash_ramfunc.c.obj
LOAD CMakeFiles/Blink.elf.dir/Drivers/STM32F4xx_HAL_Driver/Src/stm32f4xx_hal_gpio.c.obj
LOAD CMakeFiles/Blink.elf.dir/Drivers/STM32F4xx_HAL_Driver/Src/stm32f4xx_hal_pwr.c.obj
LOAD CMakeFiles/Blink.elf.dir/Drivers/STM32F4xx_HAL_Driver/Src/stm32f4xx_hal_pwr_ex.c.obj
LOAD CMakeFiles/Blink.elf.dir/Drivers/STM32F4xx_HAL_Driver/Src/stm32f4xx_hal_rcc.c.obj
LOAD CMakeFiles/Blink.elf.dir/Drivers/STM32F4xx_HAL_Driver/Src/stm32f4xx_hal_rcc_ex.c.obj
LOAD CMakeFiles/Blink.elf.dir/Drivers/STM32F4xx_HAL_Driver/Src/stm32f4xx_hal_tim.c.obj
LOAD CMakeFiles/Blink.elf.dir/Drivers/STM32F4xx_HAL_Driver/Src/stm32f4xx_hal_tim_ex.c.obj
LOAD CMakeFiles/Blink.elf.dir/startup/startup_stm32f407xx.s.obj
START GROUP
LOAD /Users/mengbowen/Documents/gcc-arm-none-eabi-10.3-2021.10/bin/../lib/gcc/arm-none-eabi/10.3.1/thumb/v7e-m/nofp/libgcc.a
LOAD /Users/mengbowen/Documents/gcc-arm-none-eabi-10.3-2021.10/bin/../lib/gcc/arm-none-eabi/10.3.1/../../../../arm-none-eabi/lib/thumb/v7e-m/nofp/libg.a
LOAD /Users/mengbowen/Documents/gcc-arm-none-eabi-10.3-2021.10/bin/../lib/gcc/arm-none-eabi/10.3.1/../../../../arm-none-eabi/lib/thumb/v7e-m/nofp/libc.a
END GROUP
LOAD /Users/mengbowen/Documents/gcc-arm-none-eabi-10.3-2021.10/bin/../lib/gcc/arm-none-eabi/10.3.1/thumb/v7e-m/nofp/crtend.o
LOAD /Users/mengbowen/Documents/gcc-arm-none-eabi-10.3-2021.10/bin/../lib/gcc/arm-none-eabi/10.3.1/thumb/v7e-m/nofp/crtn.o
                0x0000000020020000                _estack = (ORIGIN (RAM) + LENGTH (RAM))
                0x0000000000000200                _Min_Heap_Size = 0x200
                0x0000000000000400                _Min_Stack_Size = 0x400

.isr_vector     0x0000000008000000      0x188
                0x0000000008000000                . = ALIGN (0x4)
 *(.isr_vector)
 .isr_vector    0x0000000008000000      0x188 CMakeFiles/Blink.elf.dir/startup/startup_stm32f407xx.s.obj
                0x0000000008000000                g_pfnVectors
                0x0000000008000188                . = ALIGN (0x4)

.text           0x0000000008000188     0x10dc
                0x0000000008000188                . = ALIGN (0x4)
 *(.text)
 .text          0x0000000008000188       0x40 /Users/mengbowen/Documents/gcc-arm-none-eabi-10.3-2021.10/bin/../lib/gcc/arm-none-eabi/10.3.1/thumb/v7e-m/nofp/crtbegin.o
 .text          0x00000000080001c8       0x30 /Users/mengbowen/Documents/gcc-arm-none-eabi-10.3-2021.10/bin/../lib/gcc/arm-none-eabi/10.3.1/thumb/v7e-m/nofp/libgcc.a(_aeabi_uldivmod.o)
                0x00000000080001c8                __aeabi_uldivmod
 .text          0x00000000080001f8      0x2d0 /Users/mengbowen/Documents/gcc-arm-none-eabi-10.3-2021.10/bin/../lib/gcc/arm-none-eabi/10.3.1/thumb/v7e-m/nofp/libgcc.a(_udivmoddi4.o)
                0x00000000080001f8                __udivmoddi4
 .text          0x00000000080004c8        0x4 /Users/mengbowen/Documents/gcc-arm-none-eabi-10.3-2021.10/bin/../lib/gcc/arm-none-eabi/10.3.1/thumb/v7e-m/nofp/libgcc.a(_dvmd_tls.o)
                0x00000000080004c8                __aeabi_ldiv0
                0x00000000080004c8                __aeabi_idiv0
 *(.text*)
 .text.MX_GPIO_Init
                0x00000000080004cc       0x7c CMakeFiles/Blink.elf.dir/Core/Src/gpio.c.obj
                0x00000000080004cc                MX_GPIO_Init
 .text.Error_Handler
                0x0000000008000548        0x4 CMakeFiles/Blink.elf.dir/Core/Src/main.c.obj
                0x0000000008000548                Error_Handler
 .text.SystemClock_Config
                0x000000000800054c       0xa0 CMakeFiles/Blink.elf.dir/Core/Src/main.c.obj
                0x000000000800054c                SystemClock_Config
 .text.main     0x00000000080005ec       0x34 CMakeFiles/Blink.elf.dir/Core/Src/main.c.obj
                0x00000000080005ec                main
 .text.HAL_MspInit
                0x0000000008000620       0x38 CMakeFiles/Blink.elf.dir/Core/Src/stm32f4xx_hal_msp.c.obj
                0x0000000008000620                HAL_MspInit
 .text.NMI_Handler
                0x0000000008000658        0x2 CMakeFiles/Blink.elf.dir/Core/Src/stm32f4xx_it.c.obj
                0x0000000008000658                NMI_Handler
 .text.HardFault_Handler
                0x000000000800065a        0x2 CMakeFiles/Blink.elf.dir/Core/Src/stm32f4xx_it.c.obj
                0x000000000800065a                HardFault_Handler
 .text.MemManage_Handler
                0x000000000800065c        0x2 CMakeFiles/Blink.elf.dir/Core/Src/stm32f4xx_it.c.obj
                0x000000000800065c                MemManage_Handler
 .text.BusFault_Handler
                0x000000000800065e        0x2 CMakeFiles/Blink.elf.dir/Core/Src/stm32f4xx_it.c.obj
                0x000000000800065e                BusFault_Handler
 .text.UsageFault_Handler
                0x0000000008000660        0x2 CMakeFiles/Blink.elf.dir/Core/Src/stm32f4xx_it.c.obj
                0x0000000008000660                UsageFault_Handler
 .text.SVC_Handler
                0x0000000008000662        0x2 CMakeFiles/Blink.elf.dir/Core/Src/stm32f4xx_it.c.obj
                0x0000000008000662                SVC_Handler
 .text.DebugMon_Handler
                0x0000000008000664        0x2 CMakeFiles/Blink.elf.dir/Core/Src/stm32f4xx_it.c.obj
                0x0000000008000664                DebugMon_Handler
 .text.PendSV_Handler
                0x0000000008000666        0x2 CMakeFiles/Blink.elf.dir/Core/Src/stm32f4xx_it.c.obj
                0x0000000008000666                PendSV_Handler
 .text.SysTick_Handler
                0x0000000008000668        0x8 CMakeFiles/Blink.elf.dir/Core/Src/stm32f4xx_it.c.obj
                0x0000000008000668                SysTick_Handler
 .text.SystemInit
                0x0000000008000670        0x2 CMakeFiles/Blink.elf.dir/Core/Src/system_stm32f4xx.c.obj
                0x0000000008000670                SystemInit
 *fill*         0x0000000008000672        0x2 
 .text.HAL_InitTick
                0x0000000008000674       0x4c CMakeFiles/Blink.elf.dir/Drivers/STM32F4xx_HAL_Driver/Src/stm32f4xx_hal.c.obj
                0x0000000008000674                HAL_InitTick
 .text.HAL_Init
                0x00000000080006c0       0x34 CMakeFiles/Blink.elf.dir/Drivers/STM32F4xx_HAL_Driver/Src/stm32f4xx_hal.c.obj
                0x00000000080006c0                HAL_Init
 .text.HAL_IncTick
                0x00000000080006f4       0x18 CMakeFiles/Blink.elf.dir/Drivers/STM32F4xx_HAL_Driver/Src/stm32f4xx_hal.c.obj
                0x00000000080006f4                HAL_IncTick
 .text.HAL_GetTick
                0x000000000800070c        0xc CMakeFiles/Blink.elf.dir/Drivers/STM32F4xx_HAL_Driver/Src/stm32f4xx_hal.c.obj
                0x000000000800070c                HAL_GetTick
 .text.HAL_Delay
                0x0000000008000718       0x28 CMakeFiles/Blink.elf.dir/Drivers/STM32F4xx_HAL_Driver/Src/stm32f4xx_hal.c.obj
                0x0000000008000718                HAL_Delay
 .text.HAL_NVIC_SetPriorityGrouping
                0x0000000008000740       0x24 CMakeFiles/Blink.elf.dir/Drivers/STM32F4xx_HAL_Driver/Src/stm32f4xx_hal_cortex.c.obj
                0x0000000008000740                HAL_NVIC_SetPriorityGrouping
 .text.HAL_NVIC_SetPriority
                0x0000000008000764       0x70 CMakeFiles/Blink.elf.dir/Drivers/STM32F4xx_HAL_Driver/Src/stm32f4xx_hal_cortex.c.obj
                0x0000000008000764                HAL_NVIC_SetPriority
 .text.HAL_SYSTICK_Config
                0x00000000080007d4       0x28 CMakeFiles/Blink.elf.dir/Drivers/STM32F4xx_HAL_Driver/Src/stm32f4xx_hal_cortex.c.obj
                0x00000000080007d4                HAL_SYSTICK_Config
 .text.HAL_GPIO_Init
                0x00000000080007fc      0x1e4 CMakeFiles/Blink.elf.dir/Drivers/STM32F4xx_HAL_Driver/Src/stm32f4xx_hal_gpio.c.obj
                0x00000000080007fc                HAL_GPIO_Init
 .text.HAL_GPIO_WritePin
                0x00000000080009e0        0xc CMakeFiles/Blink.elf.dir/Drivers/STM32F4xx_HAL_Driver/Src/stm32f4xx_hal_gpio.c.obj
                0x00000000080009e0                HAL_GPIO_WritePin
 .text.HAL_GPIO_TogglePin
                0x00000000080009ec       0x12 CMakeFiles/Blink.elf.dir/Drivers/STM32F4xx_HAL_Driver/Src/stm32f4xx_hal_gpio.c.obj
                0x00000000080009ec                HAL_GPIO_TogglePin
 *fill*         0x00000000080009fe        0x2 
 .text.HAL_RCC_OscConfig
                0x0000000008000a00      0x3f8 CMakeFiles/Blink.elf.dir/Drivers/STM32F4xx_HAL_Driver/Src/stm32f4xx_hal_rcc.c.obj
                0x0000000008000a00                HAL_RCC_OscConfig
 .text.HAL_RCC_GetSysClockFreq
                0x0000000008000df8       0xd4 CMakeFiles/Blink.elf.dir/Drivers/STM32F4xx_HAL_Driver/Src/stm32f4xx_hal_rcc.c.obj
                0x0000000008000df8                HAL_RCC_GetSysClockFreq
 .text.HAL_RCC_ClockConfig
                0x0000000008000ecc      0x160 CMakeFiles/Blink.elf.dir/Drivers/STM32F4xx_HAL_Driver/Src/stm32f4xx_hal_rcc.c.obj
                0x0000000008000ecc                HAL_RCC_ClockConfig
 .text.Reset_Handler
                0x000000000800102c       0x50 CMakeFiles/Blink.elf.dir/startup/startup_stm32f407xx.s.obj
                0x000000000800102c                Reset_Handler
 .text.Default_Handler
                0x000000000800107c        0x2 CMakeFiles/Blink.elf.dir/startup/startup_stm32f407xx.s.obj
                0x000000000800107c                DMA1_Stream3_IRQHandler
                0x000000000800107c                HASH_RNG_IRQHandler
                0x000000000800107c                EXTI2_IRQHandler
                0x000000000800107c                TIM8_CC_IRQHandler
                0x000000000800107c                TIM1_CC_IRQHandler
                0x000000000800107c                DMA2_Stream5_IRQHandler
                0x000000000800107c                DMA1_Stream5_IRQHandler
                0x000000000800107c                PVD_IRQHandler
                0x000000000800107c                SDIO_IRQHandler
                0x000000000800107c                TAMP_STAMP_IRQHandler
                0x000000000800107c                CAN2_RX1_IRQHandler
                0x000000000800107c                EXTI3_IRQHandler
                0x000000000800107c                TIM8_TRG_COM_TIM14_IRQHandler
                0x000000000800107c                TIM1_UP_TIM10_IRQHandler
                0x000000000800107c                TIM8_UP_TIM13_IRQHandler
                0x000000000800107c                I2C3_ER_IRQHandler
                0x000000000800107c                EXTI0_IRQHandler
                0x000000000800107c                I2C2_EV_IRQHandler
                0x000000000800107c                DMA1_Stream2_IRQHandler
                0x000000000800107c                CAN1_RX0_IRQHandler
                0x000000000800107c                FPU_IRQHandler
                0x000000000800107c                OTG_HS_WKUP_IRQHandler
                0x000000000800107c                CAN2_SCE_IRQHandler
                0x000000000800107c                DMA2_Stream2_IRQHandler
                0x000000000800107c                SPI1_IRQHandler
                0x000000000800107c                TIM6_DAC_IRQHandler
                0x000000000800107c                TIM1_BRK_TIM9_IRQHandler
                0x000000000800107c                DCMI_IRQHandler
                0x000000000800107c                CAN2_RX0_IRQHandler
                0x000000000800107c                DMA2_Stream3_IRQHandler
                0x000000000800107c                USART6_IRQHandler
                0x000000000800107c                USART3_IRQHandler
                0x000000000800107c                CAN1_RX1_IRQHandler
                0x000000000800107c                UART5_IRQHandler
                0x000000000800107c                DMA2_Stream0_IRQHandler
                0x000000000800107c                TIM4_IRQHandler
                0x000000000800107c                I2C1_EV_IRQHandler
                0x000000000800107c                DMA1_Stream6_IRQHandler
                0x000000000800107c                DMA1_Stream1_IRQHandler
                0x000000000800107c                UART4_IRQHandler
                0x000000000800107c                TIM3_IRQHandler
                0x000000000800107c                RCC_IRQHandler
                0x000000000800107c                TIM8_BRK_TIM12_IRQHandler
                0x000000000800107c                Default_Handler
                0x000000000800107c                EXTI15_10_IRQHandler
                0x000000000800107c                ADC_IRQHandler
                0x000000000800107c                DMA1_Stream7_IRQHandler
                0x000000000800107c                TIM7_IRQHandler
                0x000000000800107c                CAN2_TX_IRQHandler
                0x000000000800107c                TIM5_IRQHandler
                0x000000000800107c                DMA2_Stream7_IRQHandler
                0x000000000800107c                I2C3_EV_IRQHandler
                0x000000000800107c                EXTI9_5_IRQHandler
                0x000000000800107c                RTC_WKUP_IRQHandler
                0x000000000800107c                ETH_WKUP_IRQHandler
                0x000000000800107c                SPI2_IRQHandler
                0x000000000800107c                OTG_HS_EP1_IN_IRQHandler
                0x000000000800107c                DMA1_Stream0_IRQHandler
                0x000000000800107c                CAN1_TX_IRQHandler
                0x000000000800107c                EXTI4_IRQHandler
                0x000000000800107c                FSMC_IRQHandler
                0x000000000800107c                ETH_IRQHandler
                0x000000000800107c                OTG_HS_EP1_OUT_IRQHandler
                0x000000000800107c                WWDG_IRQHandler
                0x000000000800107c                TIM2_IRQHandler
                0x000000000800107c                OTG_FS_WKUP_IRQHandler
                0x000000000800107c                TIM1_TRG_COM_TIM11_IRQHandler
                0x000000000800107c                OTG_HS_IRQHandler
                0x000000000800107c                EXTI1_IRQHandler
                0x000000000800107c                USART2_IRQHandler
                0x000000000800107c                I2C2_ER_IRQHandler
                0x000000000800107c                DMA2_Stream1_IRQHandler
                0x000000000800107c                CAN1_SCE_IRQHandler
                0x000000000800107c                FLASH_IRQHandler
                0x000000000800107c                DMA2_Stream4_IRQHandler
                0x000000000800107c                USART1_IRQHandler
                0x000000000800107c                OTG_FS_IRQHandler
                0x000000000800107c                SPI3_IRQHandler
                0x000000000800107c                DMA1_Stream4_IRQHandler
                0x000000000800107c                I2C1_ER_IRQHandler
                0x000000000800107c                DMA2_Stream6_IRQHandler
                0x000000000800107c                RTC_Alarm_IRQHandler
 *fill*         0x000000000800107e        0x2 
 .text.__libc_init_array
                0x0000000008001080       0x48 /Users/mengbowen/Documents/gcc-arm-none-eabi-10.3-2021.10/bin/../lib/gcc/arm-none-eabi/10.3.1/../../../../arm-none-eabi/lib/thumb/v7e-m/nofp/libg.a(lib_a-init.o)
                0x0000000008001080                __libc_init_array
 .text.memset   0x00000000080010c8       0xa4 /Users/mengbowen/Documents/gcc-arm-none-eabi-10.3-2021.10/bin/../lib/gcc/arm-none-eabi/10.3.1/../../../../arm-none-eabi/lib/thumb/v7e-m/nofp/libg.a(lib_a-memset.o)
                0x00000000080010c8                memset
 .text.startup.register_fini
                0x000000000800116c       0x14 /Users/mengbowen/Documents/gcc-arm-none-eabi-10.3-2021.10/bin/../lib/gcc/arm-none-eabi/10.3.1/../../../../arm-none-eabi/lib/thumb/v7e-m/nofp/libg.a(lib_a-__call_atexit.o)
 .text.atexit   0x0000000008001180        0xc /Users/mengbowen/Documents/gcc-arm-none-eabi-10.3-2021.10/bin/../lib/gcc/arm-none-eabi/10.3.1/../../../../arm-none-eabi/lib/thumb/v7e-m/nofp/libg.a(lib_a-atexit.o)
                0x0000000008001180                atexit
 .text.__libc_fini_array
                0x000000000800118c       0x2c /Users/mengbowen/Documents/gcc-arm-none-eabi-10.3-2021.10/bin/../lib/gcc/arm-none-eabi/10.3.1/../../../../arm-none-eabi/lib/thumb/v7e-m/nofp/libg.a(lib_a-fini.o)
                0x000000000800118c                __libc_fini_array
 .text.__retarget_lock_acquire_recursive
                0x00000000080011b8        0x4 /Users/mengbowen/Documents/gcc-arm-none-eabi-10.3-2021.10/bin/../lib/gcc/arm-none-eabi/10.3.1/../../../../arm-none-eabi/lib/thumb/v7e-m/nofp/libg.a(lib_a-lock.o)
                0x00000000080011b8                __retarget_lock_acquire_recursive
 .text.__retarget_lock_release_recursive
                0x00000000080011bc        0x4 /Users/mengbowen/Documents/gcc-arm-none-eabi-10.3-2021.10/bin/../lib/gcc/arm-none-eabi/10.3.1/../../../../arm-none-eabi/lib/thumb/v7e-m/nofp/libg.a(lib_a-lock.o)
                0x00000000080011bc                __retarget_lock_release_recursive
 .text.__register_exitproc
                0x00000000080011c0       0x8c /Users/mengbowen/Documents/gcc-arm-none-eabi-10.3-2021.10/bin/../lib/gcc/arm-none-eabi/10.3.1/../../../../arm-none-eabi/lib/thumb/v7e-m/nofp/libg.a(lib_a-__atexit.o)
                0x00000000080011c0                __register_exitproc
 *(.glue_7)
 .glue_7        0x000000000800124c        0x0 linker stubs
 *(.glue_7t)
 .glue_7t       0x000000000800124c        0x0 linker stubs
 *(.eh_frame)
 .eh_frame      0x000000000800124c        0x0 /Users/mengbowen/Documents/gcc-arm-none-eabi-10.3-2021.10/bin/../lib/gcc/arm-none-eabi/10.3.1/thumb/v7e-m/nofp/crtbegin.o
 *(.init)
 .init          0x000000000800124c        0x4 /Users/mengbowen/Documents/gcc-arm-none-eabi-10.3-2021.10/bin/../lib/gcc/arm-none-eabi/10.3.1/thumb/v7e-m/nofp/crti.o
                0x000000000800124c                _init
 .init          0x0000000008001250        0x8 /Users/mengbowen/Documents/gcc-arm-none-eabi-10.3-2021.10/bin/../lib/gcc/arm-none-eabi/10.3.1/thumb/v7e-m/nofp/crtn.o
 *(.fini)
 .fini          0x0000000008001258        0x4 /Users/mengbowen/Documents/gcc-arm-none-eabi-10.3-2021.10/bin/../lib/gcc/arm-none-eabi/10.3.1/thumb/v7e-m/nofp/crti.o
                0x0000000008001258                _fini
 .fini          0x000000000800125c        0x8 /Users/mengbowen/Documents/gcc-arm-none-eabi-10.3-2021.10/bin/../lib/gcc/arm-none-eabi/10.3.1/thumb/v7e-m/nofp/crtn.o
                0x0000000008001264                . = ALIGN (0x4)
                0x0000000008001264                _etext = .

.vfp11_veneer   0x0000000008001264        0x0
 .vfp11_veneer  0x0000000008001264        0x0 linker stubs

.v4_bx          0x0000000008001264        0x0
 .v4_bx         0x0000000008001264        0x0 linker stubs

.iplt           0x0000000008001264        0x0
 .iplt          0x0000000008001264        0x0 /Users/mengbowen/Documents/gcc-arm-none-eabi-10.3-2021.10/bin/../lib/gcc/arm-none-eabi/10.3.1/thumb/v7e-m/nofp/crtbegin.o

.rodata         0x0000000008001264       0x14
                0x0000000008001264                . = ALIGN (0x4)
 *(.rodata)
 *(.rodata*)
 .rodata.AHBPrescTable
                0x0000000008001264       0x10 CMakeFiles/Blink.elf.dir/Core/Src/system_stm32f4xx.c.obj
                0x0000000008001264                AHBPrescTable
 .rodata._global_impure_ptr
                0x0000000008001274        0x4 /Users/mengbowen/Documents/gcc-arm-none-eabi-10.3-2021.10/bin/../lib/gcc/arm-none-eabi/10.3.1/../../../../arm-none-eabi/lib/thumb/v7e-m/nofp/libg.a(lib_a-impure.o)
                0x0000000008001274                _global_impure_ptr
                0x0000000008001278                . = ALIGN (0x4)

.ARM.extab
 *(.ARM.extab* .gnu.linkonce.armextab.*)

.ARM            0x0000000008001278        0x8
                0x0000000008001278                __exidx_start = .
 *(.ARM.exidx*)
 .ARM.exidx     0x0000000008001278        0x8 /Users/mengbowen/Documents/gcc-arm-none-eabi-10.3-2021.10/bin/../lib/gcc/arm-none-eabi/10.3.1/thumb/v7e-m/nofp/libgcc.a(_udivmoddi4.o)
                0x0000000008001280                __exidx_end = .

.rel.dyn        0x0000000008001280        0x0
 .rel.iplt      0x0000000008001280        0x0 /Users/mengbowen/Documents/gcc-arm-none-eabi-10.3-2021.10/bin/../lib/gcc/arm-none-eabi/10.3.1/thumb/v7e-m/nofp/crtbegin.o

.preinit_array  0x0000000008001280        0x0
                0x0000000008001280                PROVIDE (__preinit_array_start = .)
 *(.preinit_array*)
                0x0000000008001280                PROVIDE (__preinit_array_end = .)

.init_array     0x0000000008001280        0x8
                0x0000000008001280                PROVIDE (__init_array_start = .)
 *(SORT_BY_NAME(.init_array.*))
 .init_array.00000
                0x0000000008001280        0x4 /Users/mengbowen/Documents/gcc-arm-none-eabi-10.3-2021.10/bin/../lib/gcc/arm-none-eabi/10.3.1/../../../../arm-none-eabi/lib/thumb/v7e-m/nofp/libg.a(lib_a-__call_atexit.o)
 *(.init_array*)
 .init_array    0x0000000008001284        0x4 /Users/mengbowen/Documents/gcc-arm-none-eabi-10.3-2021.10/bin/../lib/gcc/arm-none-eabi/10.3.1/thumb/v7e-m/nofp/crtbegin.o
                0x0000000008001288                PROVIDE (__init_array_end = .)

.fini_array     0x0000000008001288        0x4
                0x0000000008001288                PROVIDE (__fini_array_start = .)
 *(SORT_BY_NAME(.fini_array.*))
 *(.fini_array*)
 .fini_array    0x0000000008001288        0x4 /Users/mengbowen/Documents/gcc-arm-none-eabi-10.3-2021.10/bin/../lib/gcc/arm-none-eabi/10.3.1/thumb/v7e-m/nofp/crtbegin.o
                0x000000000800128c                PROVIDE (__fini_array_end = .)
                0x000000000800128c                _sidata = LOADADDR (.data)

.data           0x0000000020000000      0x43c load address 0x000000000800128c
                0x0000000020000000                . = ALIGN (0x4)
                0x0000000020000000                _sdata = .
 *(.data)
 *(.data*)
 .data.SystemCoreClock
                0x0000000020000000        0x4 CMakeFiles/Blink.elf.dir/Core/Src/system_stm32f4xx.c.obj
                0x0000000020000000                SystemCoreClock
 .data.uwTickFreq
                0x0000000020000004        0x1 CMakeFiles/Blink.elf.dir/Drivers/STM32F4xx_HAL_Driver/Src/stm32f4xx_hal.c.obj
                0x0000000020000004                uwTickFreq
 *fill*         0x0000000020000005        0x3 
 .data.uwTickPrio
                0x0000000020000008        0x4 CMakeFiles/Blink.elf.dir/Drivers/STM32F4xx_HAL_Driver/Src/stm32f4xx_hal.c.obj
                0x0000000020000008                uwTickPrio
 *fill*         0x000000002000000c        0x4 
 .data.impure_data
                0x0000000020000010      0x428 /Users/mengbowen/Documents/gcc-arm-none-eabi-10.3-2021.10/bin/../lib/gcc/arm-none-eabi/10.3.1/../../../../arm-none-eabi/lib/thumb/v7e-m/nofp/libg.a(lib_a-impure.o)
 .data.__atexit_recursive_mutex
                0x0000000020000438        0x4 /Users/mengbowen/Documents/gcc-arm-none-eabi-10.3-2021.10/bin/../lib/gcc/arm-none-eabi/10.3.1/../../../../arm-none-eabi/lib/thumb/v7e-m/nofp/libg.a(lib_a-__call_atexit.o)
                0x0000000020000438                __atexit_recursive_mutex
                0x000000002000043c                . = ALIGN (0x4)
                0x000000002000043c                _edata = .
                0x00000000080016c8                _siccmram = LOADADDR (.ccmram)

.igot.plt       0x000000002000043c        0x0 load address 0x00000000080016c8
 .igot.plt      0x000000002000043c        0x0 /Users/mengbowen/Documents/gcc-arm-none-eabi-10.3-2021.10/bin/../lib/gcc/arm-none-eabi/10.3.1/thumb/v7e-m/nofp/crtbegin.o

.ccmram         0x0000000010000000        0x0 load address 0x00000000080016c8
                0x0000000010000000                . = ALIGN (0x4)
                0x0000000010000000                _sccmram = .
 *(.ccmram)
 *(.ccmram*)
                0x0000000010000000                . = ALIGN (0x4)
                0x0000000010000000                _eccmram = .
                0x0000000010000000                . = ALIGN (0x4)

.bss            0x000000002000043c       0x24
                0x000000002000043c                _sbss = .
                0x000000002000043c                __bss_start__ = _sbss
 *(.bss)
 .bss           0x000000002000043c       0x1c /Users/mengbowen/Documents/gcc-arm-none-eabi-10.3-2021.10/bin/../lib/gcc/arm-none-eabi/10.3.1/thumb/v7e-m/nofp/crtbegin.o
 *(.bss*)
 .bss.uwTick    0x0000000020000458        0x4 CMakeFiles/Blink.elf.dir/Drivers/STM32F4xx_HAL_Driver/Src/stm32f4xx_hal.c.obj
                0x0000000020000458                uwTick
 .bss.__lock___atexit_recursive_mutex
                0x000000002000045c        0x1 /Users/mengbowen/Documents/gcc-arm-none-eabi-10.3-2021.10/bin/../lib/gcc/arm-none-eabi/10.3.1/../../../../arm-none-eabi/lib/thumb/v7e-m/nofp/libg.a(lib_a-lock.o)
                0x000000002000045c                __lock___atexit_recursive_mutex
 *(COMMON)
                0x0000000020000460                . = ALIGN (0x4)
 *fill*         0x000000002000045d        0x3 
                0x0000000020000460                _ebss = .
                0x0000000020000460                __bss_end__ = _ebss

._user_heap_stack
                0x0000000020000460      0x600
                0x0000000020000460                . = ALIGN (0x8)
                0x0000000020000460                PROVIDE (end = .)
                [!provide]                        PROVIDE (_end = .)
                0x0000000020000660                . = (. + _Min_Heap_Size)
 *fill*         0x0000000020000460      0x200 
                0x0000000020000a60                . = (. + _Min_Stack_Size)
 *fill*         0x0000000020000660      0x400 
                0x0000000020000a60                . = ALIGN (0x8)

/DISCARD/
 libc.a(*)
 libm.a(*)
 libgcc.a(*)

.ARM.attributes
                0x0000000000000000       0x2a
 *(.ARM.attributes)
 .ARM.attributes
                0x0000000000000000       0x1e /Users/mengbowen/Documents/gcc-arm-none-eabi-10.3-2021.10/bin/../lib/gcc/arm-none-eabi/10.3.1/thumb/v7e-m/nofp/crti.o
 .ARM.attributes
                0x000000000000001e       0x2e /Users/mengbowen/Documents/gcc-arm-none-eabi-10.3-2021.10/bin/../lib/gcc/arm-none-eabi/10.3.1/thumb/v7e-m/nofp/crtbegin.o
 .ARM.attributes
                0x000000000000004c       0x2e CMakeFiles/Blink.elf.dir/Core/Src/gpio.c.obj
 .ARM.attributes
                0x000000000000007a       0x2e CMakeFiles/Blink.elf.dir/Core/Src/main.c.obj
 .ARM.attributes
                0x00000000000000a8       0x2e CMakeFiles/Blink.elf.dir/Core/Src/stm32f4xx_hal_msp.c.obj
 .ARM.attributes
                0x00000000000000d6       0x2e CMakeFiles/Blink.elf.dir/Core/Src/stm32f4xx_it.c.obj
 .ARM.attributes
                0x0000000000000104       0x2e CMakeFiles/Blink.elf.dir/Core/Src/system_stm32f4xx.c.obj
 .ARM.attributes
                0x0000000000000132       0x2e CMakeFiles/Blink.elf.dir/Drivers/STM32F4xx_HAL_Driver/Src/stm32f4xx_hal.c.obj
 .ARM.attributes
                0x0000000000000160       0x2e CMakeFiles/Blink.elf.dir/Drivers/STM32F4xx_HAL_Driver/Src/stm32f4xx_hal_cortex.c.obj
 .ARM.attributes
                0x000000000000018e       0x2e CMakeFiles/Blink.elf.dir/Drivers/STM32F4xx_HAL_Driver/Src/stm32f4xx_hal_gpio.c.obj
 .ARM.attributes
                0x00000000000001bc       0x2e CMakeFiles/Blink.elf.dir/Drivers/STM32F4xx_HAL_Driver/Src/stm32f4xx_hal_rcc.c.obj
 .ARM.attributes
                0x00000000000001ea       0x21 CMakeFiles/Blink.elf.dir/startup/startup_stm32f407xx.s.obj
 .ARM.attributes
                0x000000000000020b       0x1e /Users/mengbowen/Documents/gcc-arm-none-eabi-10.3-2021.10/bin/../lib/gcc/arm-none-eabi/10.3.1/thumb/v7e-m/nofp/libgcc.a(_aeabi_uldivmod.o)
 .ARM.attributes
                0x0000000000000229       0x2e /Users/mengbowen/Documents/gcc-arm-none-eabi-10.3-2021.10/bin/../lib/gcc/arm-none-eabi/10.3.1/thumb/v7e-m/nofp/libgcc.a(_udivmoddi4.o)
 .ARM.attributes
                0x0000000000000257       0x1e /Users/mengbowen/Documents/gcc-arm-none-eabi-10.3-2021.10/bin/../lib/gcc/arm-none-eabi/10.3.1/thumb/v7e-m/nofp/libgcc.a(_dvmd_tls.o)
 .ARM.attributes
                0x0000000000000275       0x2e /Users/mengbowen/Documents/gcc-arm-none-eabi-10.3-2021.10/bin/../lib/gcc/arm-none-eabi/10.3.1/../../../../arm-none-eabi/lib/thumb/v7e-m/nofp/libg.a(lib_a-impure.o)
 .ARM.attributes
                0x00000000000002a3       0x2e /Users/mengbowen/Documents/gcc-arm-none-eabi-10.3-2021.10/bin/../lib/gcc/arm-none-eabi/10.3.1/../../../../arm-none-eabi/lib/thumb/v7e-m/nofp/libg.a(lib_a-init.o)
 .ARM.attributes
                0x00000000000002d1       0x2e /Users/mengbowen/Documents/gcc-arm-none-eabi-10.3-2021.10/bin/../lib/gcc/arm-none-eabi/10.3.1/../../../../arm-none-eabi/lib/thumb/v7e-m/nofp/libg.a(lib_a-memset.o)
 .ARM.attributes
                0x00000000000002ff       0x2e /Users/mengbowen/Documents/gcc-arm-none-eabi-10.3-2021.10/bin/../lib/gcc/arm-none-eabi/10.3.1/../../../../arm-none-eabi/lib/thumb/v7e-m/nofp/libg.a(lib_a-__call_atexit.o)
 .ARM.attributes
                0x000000000000032d       0x2e /Users/mengbowen/Documents/gcc-arm-none-eabi-10.3-2021.10/bin/../lib/gcc/arm-none-eabi/10.3.1/../../../../arm-none-eabi/lib/thumb/v7e-m/nofp/libg.a(lib_a-atexit.o)
 .ARM.attributes
                0x000000000000035b       0x2e /Users/mengbowen/Documents/gcc-arm-none-eabi-10.3-2021.10/bin/../lib/gcc/arm-none-eabi/10.3.1/../../../../arm-none-eabi/lib/thumb/v7e-m/nofp/libg.a(lib_a-fini.o)
 .ARM.attributes
                0x0000000000000389       0x2e /Users/mengbowen/Documents/gcc-arm-none-eabi-10.3-2021.10/bin/../lib/gcc/arm-none-eabi/10.3.1/../../../../arm-none-eabi/lib/thumb/v7e-m/nofp/libg.a(lib_a-lock.o)
 .ARM.attributes
                0x00000000000003b7       0x2e /Users/mengbowen/Documents/gcc-arm-none-eabi-10.3-2021.10/bin/../lib/gcc/arm-none-eabi/10.3.1/../../../../arm-none-eabi/lib/thumb/v7e-m/nofp/libg.a(lib_a-__atexit.o)
 .ARM.attributes
                0x00000000000003e5       0x1e /Users/mengbowen/Documents/gcc-arm-none-eabi-10.3-2021.10/bin/../lib/gcc/arm-none-eabi/10.3.1/thumb/v7e-m/nofp/crtn.o
OUTPUT(Blink.elf elf32-littlearm)
LOAD linker stubs
LOAD /Users/mengbowen/Documents/gcc-arm-none-eabi-10.3-2021.10/bin/../lib/gcc/arm-none-eabi/10.3.1/../../../../arm-none-eabi/lib/thumb/v7e-m/nofp/libc.a
LOAD /Users/mengbowen/Documents/gcc-arm-none-eabi-10.3-2021.10/bin/../lib/gcc/arm-none-eabi/10.3.1/../../../../arm-none-eabi/lib/thumb/v7e-m/nofp/libm.a
LOAD /Users/mengbowen/Documents/gcc-arm-none-eabi-10.3-2021.10/bin/../lib/gcc/arm-none-eabi/10.3.1/thumb/v7e-m/nofp/libgcc.a

.debug_info     0x0000000000000000     0x3fa9
 .debug_info    0x0000000000000000      0x459 CMakeFiles/Blink.elf.dir/Core/Src/gpio.c.obj
 .debug_info    0x0000000000000459      0x6a3 CMakeFiles/Blink.elf.dir/Core/Src/main.c.obj
 .debug_info    0x0000000000000afc      0x2a4 CMakeFiles/Blink.elf.dir/Core/Src/stm32f4xx_hal_msp.c.obj
 .debug_info    0x0000000000000da0      0x12f CMakeFiles/Blink.elf.dir/Core/Src/stm32f4xx_it.c.obj
 .debug_info    0x0000000000000ecf      0x37d CMakeFiles/Blink.elf.dir/Core/Src/system_stm32f4xx.c.obj
 .debug_info    0x000000000000124c      0x9f0 CMakeFiles/Blink.elf.dir/Drivers/STM32F4xx_HAL_Driver/Src/stm32f4xx_hal.c.obj
 .debug_info    0x0000000000001c3c     0x1098 CMakeFiles/Blink.elf.dir/Drivers/STM32F4xx_HAL_Driver/Src/stm32f4xx_hal_cortex.c.obj
 .debug_info    0x0000000000002cd4      0x7b0 CMakeFiles/Blink.elf.dir/Drivers/STM32F4xx_HAL_Driver/Src/stm32f4xx_hal_gpio.c.obj
 .debug_info    0x0000000000003484      0xb03 CMakeFiles/Blink.elf.dir/Drivers/STM32F4xx_HAL_Driver/Src/stm32f4xx_hal_rcc.c.obj
 .debug_info    0x0000000000003f87       0x22 CMakeFiles/Blink.elf.dir/startup/startup_stm32f407xx.s.obj

.debug_abbrev   0x0000000000000000      0xf73
 .debug_abbrev  0x0000000000000000      0x14e CMakeFiles/Blink.elf.dir/Core/Src/gpio.c.obj
 .debug_abbrev  0x000000000000014e      0x1c2 CMakeFiles/Blink.elf.dir/Core/Src/main.c.obj
 .debug_abbrev  0x0000000000000310       0xd1 CMakeFiles/Blink.elf.dir/Core/Src/stm32f4xx_hal_msp.c.obj
 .debug_abbrev  0x00000000000003e1       0x7e CMakeFiles/Blink.elf.dir/Core/Src/stm32f4xx_it.c.obj
 .debug_abbrev  0x000000000000045f      0x119 CMakeFiles/Blink.elf.dir/Core/Src/system_stm32f4xx.c.obj
 .debug_abbrev  0x0000000000000578      0x206 CMakeFiles/Blink.elf.dir/Drivers/STM32F4xx_HAL_Driver/Src/stm32f4xx_hal.c.obj
 .debug_abbrev  0x000000000000077e      0x36a CMakeFiles/Blink.elf.dir/Drivers/STM32F4xx_HAL_Driver/Src/stm32f4xx_hal_cortex.c.obj
 .debug_abbrev  0x0000000000000ae8      0x1ef CMakeFiles/Blink.elf.dir/Drivers/STM32F4xx_HAL_Driver/Src/stm32f4xx_hal_gpio.c.obj
 .debug_abbrev  0x0000000000000cd7      0x28a CMakeFiles/Blink.elf.dir/Drivers/STM32F4xx_HAL_Driver/Src/stm32f4xx_hal_rcc.c.obj
 .debug_abbrev  0x0000000000000f61       0x12 CMakeFiles/Blink.elf.dir/startup/startup_stm32f407xx.s.obj

.debug_aranges  0x0000000000000000      0x398
 .debug_aranges
                0x0000000000000000       0x20 CMakeFiles/Blink.elf.dir/Core/Src/gpio.c.obj
 .debug_aranges
                0x0000000000000020       0x30 CMakeFiles/Blink.elf.dir/Core/Src/main.c.obj
 .debug_aranges
                0x0000000000000050       0x20 CMakeFiles/Blink.elf.dir/Core/Src/stm32f4xx_hal_msp.c.obj
 .debug_aranges
                0x0000000000000070       0x60 CMakeFiles/Blink.elf.dir/Core/Src/stm32f4xx_it.c.obj
 .debug_aranges
                0x00000000000000d0       0x28 CMakeFiles/Blink.elf.dir/Core/Src/system_stm32f4xx.c.obj
 .debug_aranges
                0x00000000000000f8       0xf0 CMakeFiles/Blink.elf.dir/Drivers/STM32F4xx_HAL_Driver/Src/stm32f4xx_hal.c.obj
 .debug_aranges
                0x00000000000001e8       0xa8 CMakeFiles/Blink.elf.dir/Drivers/STM32F4xx_HAL_Driver/Src/stm32f4xx_hal_cortex.c.obj
 .debug_aranges
                0x0000000000000290       0x58 CMakeFiles/Blink.elf.dir/Drivers/STM32F4xx_HAL_Driver/Src/stm32f4xx_hal_gpio.c.obj
 .debug_aranges
                0x00000000000002e8       0x88 CMakeFiles/Blink.elf.dir/Drivers/STM32F4xx_HAL_Driver/Src/stm32f4xx_hal_rcc.c.obj
 .debug_aranges
                0x0000000000000370       0x28 CMakeFiles/Blink.elf.dir/startup/startup_stm32f407xx.s.obj

.debug_ranges   0x0000000000000000      0x378
 .debug_ranges  0x0000000000000000       0x10 CMakeFiles/Blink.elf.dir/Core/Src/gpio.c.obj
 .debug_ranges  0x0000000000000010       0x20 CMakeFiles/Blink.elf.dir/Core/Src/main.c.obj
 .debug_ranges  0x0000000000000030       0x10 CMakeFiles/Blink.elf.dir/Core/Src/stm32f4xx_hal_msp.c.obj
 .debug_ranges  0x0000000000000040       0x50 CMakeFiles/Blink.elf.dir/Core/Src/stm32f4xx_it.c.obj
 .debug_ranges  0x0000000000000090       0x18 CMakeFiles/Blink.elf.dir/Core/Src/system_stm32f4xx.c.obj
 .debug_ranges  0x00000000000000a8       0xe0 CMakeFiles/Blink.elf.dir/Drivers/STM32F4xx_HAL_Driver/Src/stm32f4xx_hal.c.obj
 .debug_ranges  0x0000000000000188       0xf8 CMakeFiles/Blink.elf.dir/Drivers/STM32F4xx_HAL_Driver/Src/stm32f4xx_hal_cortex.c.obj
 .debug_ranges  0x0000000000000280       0x48 CMakeFiles/Blink.elf.dir/Drivers/STM32F4xx_HAL_Driver/Src/stm32f4xx_hal_gpio.c.obj
 .debug_ranges  0x00000000000002c8       0x90 CMakeFiles/Blink.elf.dir/Drivers/STM32F4xx_HAL_Driver/Src/stm32f4xx_hal_rcc.c.obj
 .debug_ranges  0x0000000000000358       0x20 CMakeFiles/Blink.elf.dir/startup/startup_stm32f407xx.s.obj

.debug_line     0x0000000000000000     0x31d2
 .debug_line    0x0000000000000000      0x29f CMakeFiles/Blink.elf.dir/Core/Src/gpio.c.obj
 .debug_line    0x000000000000029f      0x4a2 CMakeFiles/Blink.elf.dir/Core/Src/main.c.obj
 .debug_line    0x0000000000000741      0x1fa CMakeFiles/Blink.elf.dir/Core/Src/stm32f4xx_hal_msp.c.obj
 .debug_line    0x000000000000093b      0x209 CMakeFiles/Blink.elf.dir/Core/Src/stm32f4xx_it.c.obj
 .debug_line    0x0000000000000b44      0x2c3 CMakeFiles/Blink.elf.dir/Core/Src/system_stm32f4xx.c.obj
 .debug_line    0x0000000000000e07      0x697 CMakeFiles/Blink.elf.dir/Drivers/STM32F4xx_HAL_Driver/Src/stm32f4xx_hal.c.obj
 .debug_line    0x000000000000149e      0x8aa CMakeFiles/Blink.elf.dir/Drivers/STM32F4xx_HAL_Driver/Src/stm32f4xx_hal_cortex.c.obj
 .debug_line    0x0000000000001d48      0x7ca CMakeFiles/Blink.elf.dir/Drivers/STM32F4xx_HAL_Driver/Src/stm32f4xx_hal_gpio.c.obj
 .debug_line    0x0000000000002512      0xbf9 CMakeFiles/Blink.elf.dir/Drivers/STM32F4xx_HAL_Driver/Src/stm32f4xx_hal_rcc.c.obj
 .debug_line    0x000000000000310b       0xc7 CMakeFiles/Blink.elf.dir/startup/startup_stm32f407xx.s.obj

.debug_str      0x0000000000000000     0x197d
 .debug_str     0x0000000000000000      0x39a CMakeFiles/Blink.elf.dir/Core/Src/gpio.c.obj
                                        0x3ea (size before relaxing)
 .debug_str     0x000000000000039a      0x234 CMakeFiles/Blink.elf.dir/Core/Src/main.c.obj
                                        0x55d (size before relaxing)
 .debug_str     0x00000000000005ce       0x72 CMakeFiles/Blink.elf.dir/Core/Src/stm32f4xx_hal_msp.c.obj
                                        0x339 (size before relaxing)
 .debug_str     0x0000000000000640       0xfd CMakeFiles/Blink.elf.dir/Core/Src/stm32f4xx_it.c.obj
                                        0x2ad (size before relaxing)
 .debug_str     0x000000000000073d       0xcd CMakeFiles/Blink.elf.dir/Core/Src/system_stm32f4xx.c.obj
                                        0x39f (size before relaxing)
 .debug_str     0x000000000000080a      0x8a0 CMakeFiles/Blink.elf.dir/Drivers/STM32F4xx_HAL_Driver/Src/stm32f4xx_hal.c.obj
                                        0xbd8 (size before relaxing)
 .debug_str     0x00000000000010aa      0x509 CMakeFiles/Blink.elf.dir/Drivers/STM32F4xx_HAL_Driver/Src/stm32f4xx_hal_cortex.c.obj
                                        0xcaa (size before relaxing)
 .debug_str     0x00000000000015b3      0x16b CMakeFiles/Blink.elf.dir/Drivers/STM32F4xx_HAL_Driver/Src/stm32f4xx_hal_gpio.c.obj
                                        0x55e (size before relaxing)
 .debug_str     0x000000000000171e      0x1ea CMakeFiles/Blink.elf.dir/Drivers/STM32F4xx_HAL_Driver/Src/stm32f4xx_hal_rcc.c.obj
                                        0x784 (size before relaxing)
 .debug_str     0x0000000000001908       0x75 CMakeFiles/Blink.elf.dir/startup/startup_stm32f407xx.s.obj
                                         0xd0 (size before relaxing)

.comment        0x0000000000000000       0x49
 .comment       0x0000000000000000       0x49 CMakeFiles/Blink.elf.dir/Core/Src/gpio.c.obj
                                         0x4a (size before relaxing)
 .comment       0x0000000000000049       0x4a CMakeFiles/Blink.elf.dir/Core/Src/main.c.obj
 .comment       0x0000000000000049       0x4a CMakeFiles/Blink.elf.dir/Core/Src/stm32f4xx_hal_msp.c.obj
 .comment       0x0000000000000049       0x4a CMakeFiles/Blink.elf.dir/Core/Src/stm32f4xx_it.c.obj
 .comment       0x0000000000000049       0x4a CMakeFiles/Blink.elf.dir/Core/Src/system_stm32f4xx.c.obj
 .comment       0x0000000000000049       0x4a CMakeFiles/Blink.elf.dir/Drivers/STM32F4xx_HAL_Driver/Src/stm32f4xx_hal.c.obj
 .comment       0x0000000000000049       0x4a CMakeFiles/Blink.elf.dir/Drivers/STM32F4xx_HAL_Driver/Src/stm32f4xx_hal_cortex.c.obj
 .comment       0x0000000000000049       0x4a CMakeFiles/Blink.elf.dir/Drivers/STM32F4xx_HAL_Driver/Src/stm32f4xx_hal_gpio.c.obj
 .comment       0x0000000000000049       0x4a CMakeFiles/Blink.elf.dir/Drivers/STM32F4xx_HAL_Driver/Src/stm32f4xx_hal_rcc.c.obj

.debug_frame    0x0000000000000000      0x94c
 .debug_frame   0x0000000000000000       0x30 CMakeFiles/Blink.elf.dir/Core/Src/gpio.c.obj
 .debug_frame   0x0000000000000030       0x58 CMakeFiles/Blink.elf.dir/Core/Src/main.c.obj
 .debug_frame   0x0000000000000088       0x28 CMakeFiles/Blink.elf.dir/Core/Src/stm32f4xx_hal_msp.c.obj
 .debug_frame   0x00000000000000b0       0xa8 CMakeFiles/Blink.elf.dir/Core/Src/stm32f4xx_it.c.obj
 .debug_frame   0x0000000000000158       0x30 CMakeFiles/Blink.elf.dir/Core/Src/system_stm32f4xx.c.obj
 .debug_frame   0x0000000000000188      0x1ec CMakeFiles/Blink.elf.dir/Drivers/STM32F4xx_HAL_Driver/Src/stm32f4xx_hal.c.obj
 .debug_frame   0x0000000000000374      0x148 CMakeFiles/Blink.elf.dir/Drivers/STM32F4xx_HAL_Driver/Src/stm32f4xx_hal_cortex.c.obj
 .debug_frame   0x00000000000004bc       0xd8 CMakeFiles/Blink.elf.dir/Drivers/STM32F4xx_HAL_Driver/Src/stm32f4xx_hal_gpio.c.obj
 .debug_frame   0x0000000000000594      0x16c CMakeFiles/Blink.elf.dir/Drivers/STM32F4xx_HAL_Driver/Src/stm32f4xx_hal_rcc.c.obj
 .debug_frame   0x0000000000000700       0x2c /Users/mengbowen/Documents/gcc-arm-none-eabi-10.3-2021.10/bin/../lib/gcc/arm-none-eabi/10.3.1/thumb/v7e-m/nofp/libgcc.a(_aeabi_uldivmod.o)
 .debug_frame   0x000000000000072c       0x34 /Users/mengbowen/Documents/gcc-arm-none-eabi-10.3-2021.10/bin/../lib/gcc/arm-none-eabi/10.3.1/thumb/v7e-m/nofp/libgcc.a(_udivmoddi4.o)
 .debug_frame   0x0000000000000760       0x2c /Users/mengbowen/Documents/gcc-arm-none-eabi-10.3-2021.10/bin/../lib/gcc/arm-none-eabi/10.3.1/../../../../arm-none-eabi/lib/thumb/v7e-m/nofp/libg.a(lib_a-init.o)
 .debug_frame   0x000000000000078c       0x2c /Users/mengbowen/Documents/gcc-arm-none-eabi-10.3-2021.10/bin/../lib/gcc/arm-none-eabi/10.3.1/../../../../arm-none-eabi/lib/thumb/v7e-m/nofp/libg.a(lib_a-memset.o)
 .debug_frame   0x00000000000007b8       0x5c /Users/mengbowen/Documents/gcc-arm-none-eabi-10.3-2021.10/bin/../lib/gcc/arm-none-eabi/10.3.1/../../../../arm-none-eabi/lib/thumb/v7e-m/nofp/libg.a(lib_a-__call_atexit.o)
 .debug_frame   0x0000000000000814       0x20 /Users/mengbowen/Documents/gcc-arm-none-eabi-10.3-2021.10/bin/../lib/gcc/arm-none-eabi/10.3.1/../../../../arm-none-eabi/lib/thumb/v7e-m/nofp/libg.a(lib_a-atexit.o)
 .debug_frame   0x0000000000000834       0x34 /Users/mengbowen/Documents/gcc-arm-none-eabi-10.3-2021.10/bin/../lib/gcc/arm-none-eabi/10.3.1/../../../../arm-none-eabi/lib/thumb/v7e-m/nofp/libg.a(lib_a-fini.o)
 .debug_frame   0x0000000000000868       0xb0 /Users/mengbowen/Documents/gcc-arm-none-eabi-10.3-2021.10/bin/../lib/gcc/arm-none-eabi/10.3.1/../../../../arm-none-eabi/lib/thumb/v7e-m/nofp/libg.a(lib_a-lock.o)
 .debug_frame   0x0000000000000918       0x34 /Users/mengbowen/Documents/gcc-arm-none-eabi-10.3-2021.10/bin/../lib/gcc/arm-none-eabi/10.3.1/../../../../arm-none-eabi/lib/thumb/v7e-m/nofp/libg.a(lib_a-__atexit.o)

.debug_loc      0x0000000000000000     0x1489
 .debug_loc     0x0000000000000000      0x158 CMakeFiles/Blink.elf.dir/Core/Src/system_stm32f4xx.c.obj
 .debug_loc     0x0000000000000158      0x141 CMakeFiles/Blink.elf.dir/Drivers/STM32F4xx_HAL_Driver/Src/stm32f4xx_hal.c.obj
 .debug_loc     0x0000000000000299      0x744 CMakeFiles/Blink.elf.dir/Drivers/STM32F4xx_HAL_Driver/Src/stm32f4xx_hal_cortex.c.obj
 .debug_loc     0x00000000000009dd      0x520 CMakeFiles/Blink.elf.dir/Drivers/STM32F4xx_HAL_Driver/Src/stm32f4xx_hal_gpio.c.obj
 .debug_loc     0x0000000000000efd      0x58c CMakeFiles/Blink.elf.dir/Drivers/STM32F4xx_HAL_Driver/Src/stm32f4xx_hal_rcc.c.obj
